
> comunet@0.1.0 build C:\Users\didim\source\repos\comunet
> next build

Ôû▓ Next.js 16.2.1 (Turbopack)
- Environments: .env

node.exe : ÔÜá The 
"middleware" file 
convention is deprecated. 
Please use "proxy" 
instead. Learn more: https
://nextjs.org/docs/message
s/middleware-to-proxy
En C:\Users\didim\AppData\
Roaming\npm\pnpm.ps1: 24 
Carácter: 5
+     & "node$exe"  "$base
dir/node_modules/pnpm/bin/
pnpm.cjs" $args
+     ~~~~~~~~~~~~~~~~~~~~
~~~~~~~~~~~~~~~~~~~~~~~~~~
~~~~~~~~~~~~~~~
    + CategoryInfo        
      : NotSpecified: (Ô  
  Üá The "middle...lewa   
 re-to-proxy:String) [    
], RemoteException
    + FullyQualifiedError 
   Id : NativeCommandErr  
  or
 
  Creating an optimized production build ...
Ô£ô Compiled successfully in 1580ms
  Running TypeScript ...
  Finished TypeScript in 2.1s ...
  Collecting page data using 15 workers ...
  Generating static pages using 15 workers (0/9) ...
  Generating static pages using 15 workers (2/9) 
Error occurred 
prerendering page 
"/communities/new". Read 
more: https://nextjs.org/d
ocs/messages/prerender-err
or
Error: UNAUTHORIZED
    at aA (C:\Users\didim\
source\repos\comunet\.next
\server\chunks\ssr\_02u.wi
x._.js:1:64539)
    at async g (C:\Users\d
idim\source\repos\comunet\
.next\server\chunks\ssr\[r
oot-of-the-server]__03ghem
6._.js:1:2182) {
  digest: '122148824'
}
Export encountered an 
error on /(backoffice)/com
munities/new/page: 
/communities/new, exiting 
the build.
Ô¿» Next.js build worker 
exited with code: 1 and 
signal: null
ÔÇëELIFECYCLEÔÇë Command failed with exit code 1.
