src/lib/email.ts(1,1): error TS1490: File appears to be binary.
src/lib/email.ts(143,24): error TS1005: ',' expected.
src/lib/email.ts(163,1): error TS1005: '}' expected.
