
> comunet@0.1.0 typecheck C:\Users\didim\source\repos\comunet
> tsc --noEmit

src/app/(backoffice)/communities/[id]/fee-rules/fee-rules-table.tsx(5,24): error TS2307: Cannot find module '@/components/ui/switch' or its corresponding type declarations.
src/app/(backoffice)/communities/[id]/fee-rules/fee-rules-table.tsx(6,26): error TS2307: Cannot find module '@/components/ui/use-toast' or its corresponding type declarations.
src/app/(backoffice)/communities/[id]/fee-rules/fee-rules-table.tsx(64,39): error TS7006: Parameter 'val' implicitly has an 'any' type.
src/app/(backoffice)/communities/[id]/fee-rules/new/fee-rule-form.tsx(11,24): error TS2307: Cannot find module '@/components/ui/button' or its corresponding type declarations.
src/app/(backoffice)/communities/[id]/fee-rules/new/fee-rule-form.tsx(12,23): error TS2307: Cannot find module '@/components/ui/input' or its corresponding type declarations.
src/app/(backoffice)/communities/[id]/fee-rules/new/fee-rule-form.tsx(13,26): error TS2307: Cannot find module '@/components/ui/textarea' or its corresponding type declarations.
src/app/(backoffice)/communities/[id]/fee-rules/new/fee-rule-form.tsx(14,24): error TS2307: Cannot find module '@/components/ui/switch' or its corresponding type declarations.
src/app/(backoffice)/communities/[id]/fee-rules/new/fee-rule-form.tsx(23,8): error TS2307: Cannot find module '@/components/ui/form' or its corresponding type declarations.
src/app/(backoffice)/communities/[id]/fee-rules/new/fee-rule-form.tsx(30,8): error TS2307: Cannot find module '@/components/ui/select' or its corresponding type declarations.
src/app/(backoffice)/communities/[id]/fee-rules/new/fee-rule-form.tsx(31,26): error TS2307: Cannot find module '@/components/ui/use-toast' or its corresponding type declarations.
src/app/(backoffice)/communities/[id]/fee-rules/new/fee-rule-form.tsx(43,5): error TS2322: Type 'Resolver<{ communityId: string; name: string; startDate: string; calculationBase: "COEFFICIENT" | "QUOTA_PERCENT" | "FIXED"; frequency?: "MONTHLY" | "QUARTERLY" | "SEMIANNUAL" | "ANNUAL" | undefined; fixedAmount?: number | ... 1 more ... | undefined; notes?: string | ... 1 more ... | undefined; active?: boolean | un...' is not assignable to type 'Resolver<{ communityId: string; name: string; frequency: "MONTHLY" | "QUARTERLY" | "SEMIANNUAL" | "ANNUAL"; startDate: string; calculationBase: "COEFFICIENT" | "QUOTA_PERCENT" | "FIXED"; active: boolean; fixedAmount?: number | ... 1 more ... | undefined; notes?: string | ... 1 more ... | undefined; }, any, { ...; }>'.
  Types of parameters 'options' and 'options' are incompatible.
    Type 'ResolverOptions<{ communityId: string; name: string; frequency: "MONTHLY" | "QUARTERLY" | "SEMIANNUAL" | "ANNUAL"; startDate: string; calculationBase: "COEFFICIENT" | "QUOTA_PERCENT" | "FIXED"; active: boolean; fixedAmount?: number | ... 1 more ... | undefined; notes?: string | ... 1 more ... | undefined; }>' is not assignable to type 'ResolverOptions<{ communityId: string; name: string; startDate: string; calculationBase: "COEFFICIENT" | "QUOTA_PERCENT" | "FIXED"; frequency?: "MONTHLY" | "QUARTERLY" | "SEMIANNUAL" | "ANNUAL" | undefined; fixedAmount?: number | ... 1 more ... | undefined; notes?: string | ... 1 more ... | undefined; active?: boole...'.
      Type '"MONTHLY" | "QUARTERLY" | "SEMIANNUAL" | "ANNUAL" | undefined' is not assignable to type '"MONTHLY" | "QUARTERLY" | "SEMIANNUAL" | "ANNUAL"'.
        Type 'undefined' is not assignable to type '"MONTHLY" | "QUARTERLY" | "SEMIANNUAL" | "ANNUAL"'.
src/app/(backoffice)/communities/[id]/fee-rules/new/fee-rule-form.tsx(77,41): error TS2345: Argument of type '(data: FeeRuleInput) => Promise<void>' is not assignable to parameter of type 'SubmitHandler<TFieldValues>'.
  Types of parameters 'data' and 'data' are incompatible.
    Type 'TFieldValues' is not assignable to type '{ communityId: string; name: string; frequency: "MONTHLY" | "QUARTERLY" | "SEMIANNUAL" | "ANNUAL"; startDate: string; calculationBase: "COEFFICIENT" | "QUOTA_PERCENT" | "FIXED"; active: boolean; fixedAmount?: number | ... 1 more ... | undefined; notes?: string | ... 1 more ... | undefined; }'.
      Type 'FieldValues' is missing the following properties from type '{ communityId: string; name: string; frequency: "MONTHLY" | "QUARTERLY" | "SEMIANNUAL" | "ANNUAL"; startDate: string; calculationBase: "COEFFICIENT" | "QUOTA_PERCENT" | "FIXED"; active: boolean; fixedAmount?: number | ... 1 more ... | undefined; notes?: string | ... 1 more ... | undefined; }': communityId, name, frequency, startDate, and 2 more.
src/app/(backoffice)/communities/[id]/fee-rules/new/fee-rule-form.tsx(82,22): error TS7031: Binding element 'field' implicitly has an 'any' type.
src/app/(backoffice)/communities/[id]/fee-rules/new/fee-rule-form.tsx(97,24): error TS7031: Binding element 'field' implicitly has an 'any' type.
src/app/(backoffice)/communities/[id]/fee-rules/new/fee-rule-form.tsx(119,24): error TS7031: Binding element 'field' implicitly has an 'any' type.
src/app/(backoffice)/communities/[id]/fee-rules/new/fee-rule-form.tsx(133,24): error TS7031: Binding element 'field' implicitly has an 'any' type.
src/app/(backoffice)/communities/[id]/fee-rules/new/fee-rule-form.tsx(157,24): error TS7031: Binding element 'field' implicitly has an 'any' type.
src/app/(backoffice)/communities/[id]/fee-rules/new/fee-rule-form.tsx(168,31): error TS7006: Parameter 'e' implicitly has an 'any' type.
src/app/(backoffice)/communities/[id]/fee-rules/new/fee-rule-form.tsx(183,22): error TS7031: Binding element 'field' implicitly has an 'any' type.
src/app/(backoffice)/communities/[id]/fee-rules/new/fee-rule-form.tsx(204,22): error TS7031: Binding element 'field' implicitly has an 'any' type.
src/app/(backoffice)/finance/budgets/[id]/add-budget-line-dialog.tsx(16,8): error TS2307: Cannot find module '@/components/ui/dialog' or its corresponding type declarations.
src/app/(backoffice)/finance/budgets/[id]/add-budget-line-dialog.tsx(17,24): error TS2307: Cannot find module '@/components/ui/button' or its corresponding type declarations.
src/app/(backoffice)/finance/budgets/[id]/add-budget-line-dialog.tsx(18,23): error TS2307: Cannot find module '@/components/ui/input' or its corresponding type declarations.
src/app/(backoffice)/finance/budgets/[id]/add-budget-line-dialog.tsx(26,8): error TS2307: Cannot find module '@/components/ui/form' or its corresponding type declarations.
src/app/(backoffice)/finance/budgets/[id]/add-budget-line-dialog.tsx(27,26): error TS2307: Cannot find module '@/components/ui/use-toast' or its corresponding type declarations.
src/app/(backoffice)/finance/budgets/[id]/add-budget-line-dialog.tsx(80,26): error TS7031: Binding element 'field' implicitly has an 'any' type.
src/app/(backoffice)/finance/budgets/[id]/add-budget-line-dialog.tsx(95,28): error TS7031: Binding element 'field' implicitly has an 'any' type.
src/app/(backoffice)/finance/budgets/[id]/add-budget-line-dialog.tsx(109,28): error TS7031: Binding element 'field' implicitly has an 'any' type.
src/app/(backoffice)/finance/budgets/[id]/add-budget-line-dialog.tsx(117,35): error TS7006: Parameter 'e' implicitly has an 'any' type.
src/app/(backoffice)/finance/budgets/[id]/add-budget-line-dialog.tsx(129,26): error TS7031: Binding element 'field' implicitly has an 'any' type.
src/app/(backoffice)/finance/budgets/[id]/budget-lines-table.tsx(6,24): error TS2307: Cannot find module '@/components/ui/button' or its corresponding type declarations.
src/app/(backoffice)/finance/budgets/[id]/budget-lines-table.tsx(8,26): error TS2307: Cannot find module '@/components/ui/use-toast' or its corresponding type declarations.
src/app/(backoffice)/finance/budgets/new/budget-form.tsx(11,24): error TS2307: Cannot find module '@/components/ui/button' or its corresponding type declarations.
src/app/(backoffice)/finance/budgets/new/budget-form.tsx(12,23): error TS2307: Cannot find module '@/components/ui/input' or its corresponding type declarations.
src/app/(backoffice)/finance/budgets/new/budget-form.tsx(20,8): error TS2307: Cannot find module '@/components/ui/form' or its corresponding type declarations.
src/app/(backoffice)/finance/budgets/new/budget-form.tsx(27,8): error TS2307: Cannot find module '@/components/ui/select' or its corresponding type declarations.
src/app/(backoffice)/finance/budgets/new/budget-form.tsx(28,26): error TS2307: Cannot find module '@/components/ui/use-toast' or its corresponding type declarations.
src/app/(backoffice)/finance/budgets/new/budget-form.tsx(40,5): error TS2322: Type 'Resolver<{ communityId: string; year: number; status?: "DRAFT" | "APPROVED" | "CLOSED" | undefined; }, any, { communityId: string; year: number; status: "DRAFT" | "APPROVED" | "CLOSED"; }>' is not assignable to type 'Resolver<{ communityId: string; year: number; status: "DRAFT" | "APPROVED" | "CLOSED"; }, any, { communityId: string; year: number; status: "DRAFT" | "APPROVED" | "CLOSED"; }>'.
  Types of parameters 'options' and 'options' are incompatible.
    Type 'ResolverOptions<{ communityId: string; year: number; status: "DRAFT" | "APPROVED" | "CLOSED"; }>' is not assignable to type 'ResolverOptions<{ communityId: string; year: number; status?: "DRAFT" | "APPROVED" | "CLOSED" | undefined; }>'.
      Type '"DRAFT" | "APPROVED" | "CLOSED" | undefined' is not assignable to type '"DRAFT" | "APPROVED" | "CLOSED"'.
        Type 'undefined' is not assignable to type '"DRAFT" | "APPROVED" | "CLOSED"'.
src/app/(backoffice)/finance/budgets/new/budget-form.tsx(70,41): error TS2345: Argument of type '(data: BudgetInput) => Promise<void>' is not assignable to parameter of type 'SubmitHandler<TFieldValues>'.
  Types of parameters 'data' and 'data' are incompatible.
    Type 'TFieldValues' is not assignable to type '{ communityId: string; year: number; status: "DRAFT" | "APPROVED" | "CLOSED"; }'.
      Type 'FieldValues' is missing the following properties from type '{ communityId: string; year: number; status: "DRAFT" | "APPROVED" | "CLOSED"; }': communityId, year, status
src/app/(backoffice)/finance/budgets/new/budget-form.tsx(76,24): error TS7031: Binding element 'field' implicitly has an 'any' type.
src/app/(backoffice)/finance/budgets/new/budget-form.tsx(80,35): error TS7006: Parameter 'val' implicitly has an 'any' type.
src/app/(backoffice)/finance/budgets/new/budget-form.tsx(111,24): error TS7031: Binding element 'field' implicitly has an 'any' type.
src/app/(backoffice)/finance/budgets/new/budget-form.tsx(118,31): error TS7006: Parameter 'e' implicitly has an 'any' type.
src/app/(backoffice)/finance/budgets/new/budget-form.tsx(129,24): error TS7031: Binding element 'field' implicitly has an 'any' type.
src/app/(backoffice)/finance/receipts/[id]/page.tsx(106,60): error TS2339: Property 'name' does not exist on type '{ id: string; createdAt: Date; updatedAt: Date; communityId: string; reference: string; type: UnitType; floor: string | null; door: string | null; areaM2: Decimal | null; coefficient: Decimal; quotaPercent: Decimal; active: boolean; buildingId: string | null; }'.
src/app/(backoffice)/finance/receipts/[id]/page.tsx(115,61): error TS2339: Property 'firstName' does not exist on type '{ id: string; email: string | null; phone: string | null; address: string | null; createdAt: Date; updatedAt: Date; archivedAt: Date | null; notes: string | null; officeId: string; fullName: string; dni: string | null; }'.
src/app/(backoffice)/finance/receipts/[id]/page.tsx(115,87): error TS2339: Property 'lastName' does not exist on type '{ id: string; email: string | null; phone: string | null; address: string | null; createdAt: Date; updatedAt: Date; archivedAt: Date | null; notes: string | null; officeId: string; fullName: string; dni: string | null; }'.
src/app/(backoffice)/finance/receipts/[id]/register-payment-dialog.tsx(16,8): error TS2307: Cannot find module '@/components/ui/dialog' or its corresponding type declarations.
src/app/(backoffice)/finance/receipts/[id]/register-payment-dialog.tsx(17,24): error TS2307: Cannot find module '@/components/ui/button' or its corresponding type declarations.
src/app/(backoffice)/finance/receipts/[id]/register-payment-dialog.tsx(18,23): error TS2307: Cannot find module '@/components/ui/input' or its corresponding type declarations.
src/app/(backoffice)/finance/receipts/[id]/register-payment-dialog.tsx(26,8): error TS2307: Cannot find module '@/components/ui/form' or its corresponding type declarations.
src/app/(backoffice)/finance/receipts/[id]/register-payment-dialog.tsx(33,8): error TS2307: Cannot find module '@/components/ui/select' or its corresponding type declarations.
src/app/(backoffice)/finance/receipts/[id]/register-payment-dialog.tsx(34,26): error TS2307: Cannot find module '@/components/ui/use-toast' or its corresponding type declarations.
src/app/(backoffice)/finance/receipts/[id]/register-payment-dialog.tsx(43,5): error TS2322: Type 'Resolver<{ receiptId: string; amount: number; paymentDate: string; method?: "OTHER" | "BANK_TRANSFER" | "DIRECT_DEBIT" | "CASH" | "CHECK" | undefined; reference?: string | null | undefined; notes?: string | ... 1 more ... | undefined; }, any, { ...; }>' is not assignable to type 'Resolver<{ receiptId: string; amount: number; paymentDate: string; method: "OTHER" | "BANK_TRANSFER" | "DIRECT_DEBIT" | "CASH" | "CHECK"; reference?: string | null | undefined; notes?: string | null | undefined; }, any, { ...; }>'.
  Types of parameters 'options' and 'options' are incompatible.
    Type 'ResolverOptions<{ receiptId: string; amount: number; paymentDate: string; method: "OTHER" | "BANK_TRANSFER" | "DIRECT_DEBIT" | "CASH" | "CHECK"; reference?: string | null | undefined; notes?: string | null | undefined; }>' is not assignable to type 'ResolverOptions<{ receiptId: string; amount: number; paymentDate: string; method?: "OTHER" | "BANK_TRANSFER" | "DIRECT_DEBIT" | "CASH" | "CHECK" | undefined; reference?: string | null | undefined; notes?: string | ... 1 more ... | undefined; }>'.
      Type '"OTHER" | "BANK_TRANSFER" | "DIRECT_DEBIT" | "CASH" | "CHECK" | undefined' is not assignable to type '"OTHER" | "BANK_TRANSFER" | "DIRECT_DEBIT" | "CASH" | "CHECK"'.
        Type 'undefined' is not assignable to type '"OTHER" | "BANK_TRANSFER" | "DIRECT_DEBIT" | "CASH" | "CHECK"'.
src/app/(backoffice)/finance/receipts/[id]/register-payment-dialog.tsx(88,45): error TS2345: Argument of type '(data: PaymentInput) => Promise<void>' is not assignable to parameter of type 'SubmitHandler<TFieldValues>'.
  Types of parameters 'data' and 'data' are incompatible.
    Type 'TFieldValues' is not assignable to type '{ receiptId: string; amount: number; paymentDate: string; method: "OTHER" | "BANK_TRANSFER" | "DIRECT_DEBIT" | "CASH" | "CHECK"; reference?: string | null | undefined; notes?: string | null | undefined; }'.
      Type 'FieldValues' is missing the following properties from type '{ receiptId: string; amount: number; paymentDate: string; method: "OTHER" | "BANK_TRANSFER" | "DIRECT_DEBIT" | "CASH" | "CHECK"; reference?: string | null | undefined; notes?: string | null | undefined; }': receiptId, amount, paymentDate, method
src/app/(backoffice)/finance/receipts/[id]/register-payment-dialog.tsx(94,28): error TS7031: Binding element 'field' implicitly has an 'any' type.
src/app/(backoffice)/finance/receipts/[id]/register-payment-dialog.tsx(103,35): error TS7006: Parameter 'e' implicitly has an 'any' type.
src/app/(backoffice)/finance/receipts/[id]/register-payment-dialog.tsx(114,28): error TS7031: Binding element 'field' implicitly has an 'any' type.
src/app/(backoffice)/finance/receipts/[id]/register-payment-dialog.tsx(129,26): error TS7031: Binding element 'field' implicitly has an 'any' type.
src/app/(backoffice)/finance/receipts/[id]/register-payment-dialog.tsx(152,26): error TS7031: Binding element 'field' implicitly has an 'any' type.
src/app/(backoffice)/finance/receipts/generate/generate-receipts-form.tsx(11,24): error TS2307: Cannot find module '@/components/ui/button' or its corresponding type declarations.
src/app/(backoffice)/finance/receipts/generate/generate-receipts-form.tsx(12,23): error TS2307: Cannot find module '@/components/ui/input' or its corresponding type declarations.
src/app/(backoffice)/finance/receipts/generate/generate-receipts-form.tsx(21,8): error TS2307: Cannot find module '@/components/ui/form' or its corresponding type declarations.
src/app/(backoffice)/finance/receipts/generate/generate-receipts-form.tsx(28,8): error TS2307: Cannot find module '@/components/ui/select' or its corresponding type declarations.
src/app/(backoffice)/finance/receipts/generate/generate-receipts-form.tsx(29,26): error TS2307: Cannot find module '@/components/ui/use-toast' or its corresponding type declarations.
src/app/(backoffice)/finance/receipts/generate/generate-receipts-form.tsx(114,24): error TS7031: Binding element 'field' implicitly has an 'any' type.
src/app/(backoffice)/finance/receipts/generate/generate-receipts-form.tsx(118,35): error TS7006: Parameter 'val' implicitly has an 'any' type.
src/app/(backoffice)/finance/receipts/generate/generate-receipts-form.tsx(145,24): error TS7031: Binding element 'field' implicitly has an 'any' type.
src/app/(backoffice)/finance/receipts/generate/generate-receipts-form.tsx(183,24): error TS7031: Binding element 'field' implicitly has an 'any' type.
src/app/(backoffice)/finance/receipts/generate/generate-receipts-form.tsx(195,24): error TS7031: Binding element 'field' implicitly has an 'any' type.
src/app/(backoffice)/finance/receipts/generate/generate-receipts-form.tsx(208,24): error TS7031: Binding element 'field' implicitly has an 'any' type.
src/app/(backoffice)/finance/receipts/generate/generate-receipts-form.tsx(220,24): error TS7031: Binding element 'field' implicitly has an 'any' type.
src/app/api/exports/receipts/route.ts(47,36): error TS2339: Property 'firstName' does not exist on type '{ id: string; email: string | null; phone: string | null; address: string | null; createdAt: Date; updatedAt: Date; archivedAt: Date | null; notes: string | null; officeId: string; fullName: string; dni: string | null; }'.
src/app/api/exports/receipts/route.ts(47,57): error TS2339: Property 'lastName' does not exist on type '{ id: string; email: string | null; phone: string | null; address: string | null; createdAt: Date; updatedAt: Date; archivedAt: Date | null; notes: string | null; officeId: string; fullName: string; dni: string | null; }'.
src/app/api/exports/receipts/route.ts(49,31): error TS2339: Property 'name' does not exist on type '{ id: string; createdAt: Date; updatedAt: Date; communityId: string; reference: string; type: UnitType; floor: string | null; door: string | null; areaM2: Decimal | null; coefficient: Decimal; quotaPercent: Decimal; active: boolean; buildingId: string | null; }'.
src/modules/finances/server/actions.ts(4,10): error TS2724: '"@/lib/auth"' has no exported member named 'getSession'. Did you mean 'Session'?
src/modules/finances/server/receipt-service.ts(48,9): error TS7034: Variable 'receiptsToCreate' implicitly has type 'any[]' in some locations where its type cannot be determined.
src/modules/finances/server/receipt-service.ts(97,13): error TS7005: Variable 'receiptsToCreate' implicitly has an 'any[]' type.
ÔÇëELIFECYCLEÔÇë Command failed with exit code 1.
